
> Web Developer Portfolio@0.1.0 build
> vite build

[36mvite v6.3.5 [32mbuilding for production...[36m[39m
transforming...
[32m✓[39m 12 modules transformed.
[31m✗[39m Build failed in 568ms
[31merror during build:
[31m[vite]: Rollup failed to resolve import "next-themes@0.4.6" from "C:/Users/MARKHOOR/OneDrive/Desktop/WebDeveloperPortfolio/src/components/ui/sonner.tsx".
This is most likely unintended because it can break your application at runtime.
If you do want to externalize this module explicitly add it to
`build.rollupOptions.external`[31m
    at viteLog (file:///C:/Users/MARKHOOR/OneDrive/Desktop/WebDeveloperPortfolio/node_modules/vite/dist/node/chunks/dep-DBxKXgDP.js:46345:15)
    at file:///C:/Users/MARKHOOR/OneDrive/Desktop/WebDeveloperPortfolio/node_modules/vite/dist/node/chunks/dep-DBxKXgDP.js:46403:18
    at onwarn (C:\Users\MARKHOOR\OneDrive\Desktop\WebDeveloperPortfolio\node_modules\@vitejs\plugin-react-swc\index.cjs:113:7)
    at file:///C:/Users/MARKHOOR/OneDrive/Desktop/WebDeveloperPortfolio/node_modules/vite/dist/node/chunks/dep-DBxKXgDP.js:46401:7
    at onRollupLog (file:///C:/Users/MARKHOOR/OneDrive/Desktop/WebDeveloperPortfolio/node_modules/vite/dist/node/chunks/dep-DBxKXgDP.js:46393:5)
    at onLog (file:///C:/Users/MARKHOOR/OneDrive/Desktop/WebDeveloperPortfolio/node_modules/vite/dist/node/chunks/dep-DBxKXgDP.js:46043:7)
    at file:///C:/Users/MARKHOOR/OneDrive/Desktop/WebDeveloperPortfolio/node_modules/rollup/dist/es/shared/node-entry.js:20981:32
    at Object.logger [as onLog] (file:///C:/Users/MARKHOOR/OneDrive/Desktop/WebDeveloperPortfolio/node_modules/rollup/dist/es/shared/node-entry.js:22968:9)
    at ModuleLoader.handleInvalidResolvedId (file:///C:/Users/MARKHOOR/OneDrive/Desktop/WebDeveloperPortfolio/node_modules/rollup/dist/es/shared/node-entry.js:21712:26)
    at file:///C:/Users/MARKHOOR/OneDrive/Desktop/WebDeveloperPortfolio/node_modules/rollup/dist/es/shared/node-entry.js:21670:26[39m
